\BOOKMARK [0][-]{chapter*.2}{\376\377\000P\000r\000e\000f\000a\000c\000e\000\040\000\046\000\040\000E\000n\000g\000i\000n\000e\000e\000r\000i\000n\000g\000\040\000E\000x\000e\000c\000u\000t\000i\000v\000e\000\040\000S\000u\000m\000m\000a\000r\000y}{}% 1
\BOOKMARK [-1][-]{part.1}{\376\377\000I\000\040\000V\000O\000L\000U\000M\000E\000\040\0001\000:\000\040\000S\000Y\000S\000T\000E\000M\000\040\000A\000R\000C\000H\000I\000T\000E\000C\000T\000U\000R\000E\000\040\000\046\000\040\000U\000S\000E\000R\000\040\000G\000U\000I\000D\000E}{}% 2
\BOOKMARK [0][-]{chapter.1}{\376\377\000A\000r\000c\000h\000i\000t\000e\000c\000t\000u\000r\000e\000\040\000O\000v\000e\000r\000v\000i\000e\000w}{part.1}% 3
\BOOKMARK [1][-]{section.1.1}{\376\377\000P\000a\000c\000k\000a\000g\000e\000\040\000H\000i\000e\000r\000a\000r\000c\000h\000y}{chapter.1}% 4
\BOOKMARK [0][-]{chapter.2}{\376\377\000I\000n\000s\000t\000a\000l\000l\000a\000t\000i\000o\000n\000\040\000\046\000\040\000U\000s\000e\000r\000\040\000G\000u\000i\000d\000e}{part.1}% 5
\BOOKMARK [1][-]{section.2.1}{\376\377\000S\000y\000s\000t\000e\000m\000\040\000R\000e\000q\000u\000i\000r\000e\000m\000e\000n\000t\000s}{chapter.2}% 6
\BOOKMARK [1][-]{section.2.2}{\376\377\000L\000a\000u\000n\000c\000h\000i\000n\000g\000\040\000t\000h\000e\000\040\000A\000p\000p\000l\000i\000c\000a\000t\000i\000o\000n}{chapter.2}% 7
\BOOKMARK [-1][-]{part.2}{\376\377\000I\000I\000\040\000V\000O\000L\000U\000M\000E\000\040\0002\000:\000\040\000O\000P\000E\000R\000A\000T\000I\000O\000N\000A\000L\000\040\000P\000L\000A\000T\000F\000O\000R\000M\000\040\000\046\000\040\000E\000S\000O\000C\000\040\000G\000U\000I}{}% 8
\BOOKMARK [0][-]{chapter.3}{\376\377\000E\000a\000r\000t\000h\000\040\000S\000y\000s\000t\000e\000m\000\040\000O\000p\000e\000r\000a\000t\000i\000o\000n\000s\000\040\000C\000e\000n\000t\000e\000r\000\040\000\050\000E\000S\000O\000C\000\051}{part.2}% 9
\BOOKMARK [1][-]{section.3.1}{\376\377\000E\000S\000O\000C\000\040\000D\000o\000c\000k\000\040\000P\000a\000n\000e\000l\000s}{chapter.3}% 10
\BOOKMARK [-1][-]{part.3}{\376\377\000I\000I\000I\000\040\000V\000O\000L\000U\000M\000E\000\040\0003\000:\000\040\000S\000C\000I\000E\000N\000T\000I\000F\000I\000C\000\040\000E\000N\000G\000I\000N\000E\000S\000\040\000\046\000\040\000P\000H\000Y\000S\000I\000C\000A\000L\000\040\000M\000O\000D\000E\000L\000S}{}% 11
\BOOKMARK [0][-]{chapter.4}{\376\377\000E\000a\000r\000t\000h\000\040\000P\000h\000y\000s\000i\000c\000s\000\040\000\046\000\040\000C\000o\000n\000t\000i\000n\000u\000u\000m\000\040\000M\000e\000c\000h\000a\000n\000i\000c\000s}{part.3}% 12
\BOOKMARK [1][-]{section.4.1}{\376\377\000N\000a\000v\000i\000e\000r\000-\000S\000t\000o\000k\000e\000s\000\040\000A\000t\000m\000o\000s\000p\000h\000e\000r\000i\000c\000\040\000E\000q\000u\000a\000t\000i\000o\000n\000s}{chapter.4}% 13
\BOOKMARK [1][-]{section.4.2}{\376\377\000S\000e\000a\000w\000a\000t\000e\000r\000\040\000E\000q\000u\000a\000t\000i\000o\000n\000\040\000o\000f\000\040\000S\000t\000a\000t\000e}{chapter.4}% 14
\BOOKMARK [0][-]{chapter.5}{\376\377\000C\000l\000i\000m\000a\000t\000e\000\040\000S\000c\000e\000n\000a\000r\000i\000o\000s\000\040\000\046\000\040\000D\000i\000g\000i\000t\000a\000l\000\040\000T\000w\000i\000n}{part.3}% 15
\BOOKMARK [-1][-]{part.4}{\376\377\000I\000V\000\040\000V\000O\000L\000U\000M\000E\000\040\0004\000:\000\040\000A\000P\000I\000\040\000R\000E\000F\000E\000R\000E\000N\000C\000E\000\040\000\046\000\040\000E\000N\000G\000I\000N\000E\000E\000R\000I\000N\000G\000\040\000M\000E\000T\000R\000I\000C\000S}{}% 16
\BOOKMARK [0][-]{chapter.6}{\376\377\000C\000o\000r\000e\000\040\000A\000P\000I\000\040\000R\000e\000f\000e\000r\000e\000n\000c\000e}{part.4}% 17
\BOOKMARK [1][-]{section.6.1}{\376\377\000C\000o\000u\000p\000l\000e\000d\000E\000a\000r\000t\000h\000S\000o\000l\000v\000e\000r}{chapter.6}% 18
\BOOKMARK [1][-]{section.6.2}{\376\377\000M\000o\000d\000u\000l\000e\000R\000e\000g\000i\000s\000t\000r\000y}{chapter.6}% 19
\BOOKMARK [0][-]{chapter.7}{\376\377\000E\000n\000g\000i\000n\000e\000e\000r\000i\000n\000g\000\040\000S\000t\000a\000t\000i\000s\000t\000i\000c\000s\000\040\000S\000u\000m\000m\000a\000r\000y}{part.4}% 20
